// Jest Snapshot v1, https://goo.gl/fbAQLP

exports[`Api component should render as expected 1`] = `
<p>
  <a
    href="about:blankapi"
    target="_blank"
    title="API documentation"
  >
    API documentation
  </a>
</p>
`;
